// Jest Snapshot v1, https://goo.gl/fbAQLP

exports[`GameWordDisplay with word 1`] = `
<section>
  <span>
    _
  </span>
  <span>
    o
  </span>
  <span>
    _
  </span>
  <span>
    _
  </span>
  <span>
    r
  </span>
  <span>
    Â 
  </span>
  <span>
    B
  </span>
  <span>
    _
  </span>
  <span>
    _
  </span>
  <span>
    r
  </span>
</section>
`;

exports[`GameWordDisplay without word 1`] = `
<section>
  <span />
</section>
`;
